../Core/Src/main.c:71:5:_write	24	static
../Core/Src/main.c:81:5:main	24	static
../Core/Src/main.c:168:6:SystemClock_Config	88	static
../Core/Src/main.c:206:13:MX_ADC1_Init	24	static
../Core/Src/main.c:253:13:MX_I2C1_Init	8	static
../Core/Src/main.c:273:13:MX_TIM2_Init	64	static
../Core/Src/main.c:318:13:MX_USART2_UART_Init	8	static
../Core/Src/main.c:337:13:MX_DMA_Init	16	static
../Core/Src/main.c:347:13:MX_GPIO_Init	48	static
../Core/Src/main.c:384:6:Error_Handler	4	static,ignoring_inline_asm
